2026-06-11T11:24:52.617620	DEBUG	todoapp/main.go:29	initializing postgres connection pool
2026-06-11T11:24:52.623494	DEBUG	todoapp/main.go:39	initializing feature	{"feature": "users"}
2026-06-11T11:24:52.623571	DEBUG	todoapp/main.go:44	initializing HTTP server
2026-06-11T11:24:52.623666	WARN	server/server.go:56	start HTTP server	{"addr": ":5050"}
2026-06-11T11:24:56.264884	DEBUG	middleware/common.go:74	>>> incoming HTTP Request	{"request_id": "b91ecd8c-3997-465f-87e3-8734eb5f42bf", "method": "GET", "url": "/api/v1/users", "time": "2026-06-11T08:24:56.264883"}
2026-06-11T11:24:56.267239	DEBUG	middleware/common.go:80	<<< done HTTP Request	{"request_id": "b91ecd8c-3997-465f-87e3-8734eb5f42bf", "method": "GET", "url": "/api/v1/users", "status code": 200, "latency": "2.354252ms"}
2026-06-11T11:27:45.750486	DEBUG	middleware/common.go:74	>>> incoming HTTP Request	{"request_id": "1e17384f-5092-4bdc-a386-bd51f7fd2ac5", "method": "POST", "url": "/api/v1/users", "time": "2026-06-11T08:27:45.750485"}
2026-06-11T11:27:45.763201	DEBUG	middleware/common.go:80	<<< done HTTP Request	{"request_id": "1e17384f-5092-4bdc-a386-bd51f7fd2ac5", "method": "POST", "url": "/api/v1/users", "status code": 201, "latency": "12.714027ms"}
2026-06-11T11:27:54.007171	DEBUG	middleware/common.go:74	>>> incoming HTTP Request	{"request_id": "f69e47ad-513b-44d0-9bd1-b9985a1e8619", "method": "GET", "url": "/api/v1/users", "time": "2026-06-11T08:27:54.007169"}
2026-06-11T11:27:54.008173	DEBUG	middleware/common.go:80	<<< done HTTP Request	{"request_id": "f69e47ad-513b-44d0-9bd1-b9985a1e8619", "method": "GET", "url": "/api/v1/users", "status code": 200, "latency": "1.00251ms"}
2026-06-11T11:29:12.265315	DEBUG	middleware/common.go:74	>>> incoming HTTP Request	{"request_id": "9c9ef751-63e3-47df-a84a-f0778e9d760b", "method": "POST", "url": "/api/v1/users", "time": "2026-06-11T08:29:12.265313"}
2026-06-11T11:29:12.270927	DEBUG	middleware/common.go:80	<<< done HTTP Request	{"request_id": "9c9ef751-63e3-47df-a84a-f0778e9d760b", "method": "POST", "url": "/api/v1/users", "status code": 201, "latency": "5.610975ms"}
2026-06-11T11:30:01.173823	DEBUG	middleware/common.go:74	>>> incoming HTTP Request	{"request_id": "7955b2a1-5b5b-4216-a140-5d03cd9d17ee", "method": "GET", "url": "/api/v1/users?limit=2", "time": "2026-06-11T08:30:01.173821"}
2026-06-11T11:30:01.175593	DEBUG	middleware/common.go:80	<<< done HTTP Request	{"request_id": "7955b2a1-5b5b-4216-a140-5d03cd9d17ee", "method": "GET", "url": "/api/v1/users?limit=2", "status code": 200, "latency": "1.77087ms"}
2026-06-11T11:30:34.497494	DEBUG	middleware/common.go:74	>>> incoming HTTP Request	{"request_id": "2983a60b-233b-486b-a143-c60ceeb6ac5c", "method": "GET", "url": "/api/v1/users?limit=2", "time": "2026-06-11T08:30:34.497493"}
2026-06-11T11:30:34.498557	DEBUG	middleware/common.go:80	<<< done HTTP Request	{"request_id": "2983a60b-233b-486b-a143-c60ceeb6ac5c", "method": "GET", "url": "/api/v1/users?limit=2", "status code": 200, "latency": "1.061528ms"}
2026-06-11T11:32:27.037395	DEBUG	middleware/common.go:74	>>> incoming HTTP Request	{"request_id": "f2db17cb-b91a-4b03-87fe-e9b38d7d5f3c", "method": "GET", "url": "/api/v1/users?limit=2&offset=1", "time": "2026-06-11T08:32:27.037393"}
2026-06-11T11:32:27.038350	DEBUG	middleware/common.go:80	<<< done HTTP Request	{"request_id": "f2db17cb-b91a-4b03-87fe-e9b38d7d5f3c", "method": "GET", "url": "/api/v1/users?limit=2&offset=1", "status code": 200, "latency": "955.867µs"}
2026-06-11T11:33:04.381816	DEBUG	middleware/common.go:74	>>> incoming HTTP Request	{"request_id": "64efcf24-5cf9-4d73-b7e4-c236d7a3aa86", "method": "GET", "url": "/api/v1/users?limit=2&offset=4", "time": "2026-06-11T08:33:04.381814"}
2026-06-11T11:33:04.382760	DEBUG	middleware/common.go:80	<<< done HTTP Request	{"request_id": "64efcf24-5cf9-4d73-b7e4-c236d7a3aa86", "method": "GET", "url": "/api/v1/users?limit=2&offset=4", "status code": 200, "latency": "944.471µs"}
2026-06-11T11:33:30.053668	DEBUG	middleware/common.go:74	>>> incoming HTTP Request	{"request_id": "0ee04daa-4db7-4ad2-9d1e-6514edf10e83", "method": "GET", "url": "/api/v1/users?limit=-1&offset=4", "time": "2026-06-11T08:33:30.053666"}
2026-06-11T11:33:30.053825	WARN	response/handler.go:55	failed to get users	{"request_id": "0ee04daa-4db7-4ad2-9d1e-6514edf10e83", "method": "GET", "url": "/api/v1/users?limit=-1&offset=4", "error": "limit must be non-negative: invalid argument"}
2026-06-11T11:33:30.053862	ERROR	response/handler.go:72	failed to get users	{"request_id": "0ee04daa-4db7-4ad2-9d1e-6514edf10e83", "method": "GET", "url": "/api/v1/users?limit=-1&offset=4", "error": "limit must be non-negative: invalid argument"}
2026-06-11T11:33:30.053930	DEBUG	middleware/common.go:80	<<< done HTTP Request	{"request_id": "0ee04daa-4db7-4ad2-9d1e-6514edf10e83", "method": "GET", "url": "/api/v1/users?limit=-1&offset=4", "status code": 400, "latency": "263.529µs"}
2026-06-11T11:33:43.072035	DEBUG	middleware/common.go:74	>>> incoming HTTP Request	{"request_id": "a9595c83-4028-44eb-8eb2-9d16b8e2ea31", "method": "GET", "url": "/api/v1/users?limit=wr&offset=4", "time": "2026-06-11T08:33:43.072033"}
2026-06-11T11:33:43.072145	WARN	response/handler.go:55	failed to get 'limit/offset' query param	{"request_id": "a9595c83-4028-44eb-8eb2-9d16b8e2ea31", "method": "GET", "url": "/api/v1/users?limit=wr&offset=4", "error": "get 'limit' query param: param='wr' by key='limit' not a valid integer: strconv.Atoi: parsing \"wr\": invalid syntax: invalid argument"}
2026-06-11T11:33:43.072177	ERROR	response/handler.go:72	failed to get 'limit/offset' query param	{"request_id": "a9595c83-4028-44eb-8eb2-9d16b8e2ea31", "method": "GET", "url": "/api/v1/users?limit=wr&offset=4", "error": "get 'limit' query param: param='wr' by key='limit' not a valid integer: strconv.Atoi: parsing \"wr\": invalid syntax: invalid argument"}
2026-06-11T11:33:43.072243	DEBUG	middleware/common.go:80	<<< done HTTP Request	{"request_id": "a9595c83-4028-44eb-8eb2-9d16b8e2ea31", "method": "GET", "url": "/api/v1/users?limit=wr&offset=4", "status code": 400, "latency": "208.889µs"}
2026-06-11T11:33:54.249596	DEBUG	middleware/common.go:74	>>> incoming HTTP Request	{"request_id": "86707229-0bd2-4e7e-9898-cc05803f10b1", "method": "GET", "url": "/api/v1/users?limit=1&offset=fe", "time": "2026-06-11T08:33:54.249594"}
2026-06-11T11:33:54.249732	WARN	response/handler.go:55	failed to get 'limit/offset' query param	{"request_id": "86707229-0bd2-4e7e-9898-cc05803f10b1", "method": "GET", "url": "/api/v1/users?limit=1&offset=fe", "error": "get 'offset' query param: param='fe' by key='offset' not a valid integer: strconv.Atoi: parsing \"fe\": invalid syntax: invalid argument"}
2026-06-11T11:33:54.249762	ERROR	response/handler.go:72	failed to get 'limit/offset' query param	{"request_id": "86707229-0bd2-4e7e-9898-cc05803f10b1", "method": "GET", "url": "/api/v1/users?limit=1&offset=fe", "error": "get 'offset' query param: param='fe' by key='offset' not a valid integer: strconv.Atoi: parsing \"fe\": invalid syntax: invalid argument"}
2026-06-11T11:33:54.249831	DEBUG	middleware/common.go:80	<<< done HTTP Request	{"request_id": "86707229-0bd2-4e7e-9898-cc05803f10b1", "method": "GET", "url": "/api/v1/users?limit=1&offset=fe", "status code": 400, "latency": "236.033µs"}
2026-06-11T11:34:02.088210	DEBUG	middleware/common.go:74	>>> incoming HTTP Request	{"request_id": "9e0f01e2-9a9a-485e-8abf-8d87914439e1", "method": "GET", "url": "/api/v1/users?limit=1&offset=-2", "time": "2026-06-11T08:34:02.088209"}
2026-06-11T11:34:02.088311	WARN	response/handler.go:55	failed to get users	{"request_id": "9e0f01e2-9a9a-485e-8abf-8d87914439e1", "method": "GET", "url": "/api/v1/users?limit=1&offset=-2", "error": "offset must be non-negative: invalid argument"}
2026-06-11T11:34:02.088339	ERROR	response/handler.go:72	failed to get users	{"request_id": "9e0f01e2-9a9a-485e-8abf-8d87914439e1", "method": "GET", "url": "/api/v1/users?limit=1&offset=-2", "error": "offset must be non-negative: invalid argument"}
2026-06-11T11:34:02.088397	DEBUG	middleware/common.go:80	<<< done HTTP Request	{"request_id": "9e0f01e2-9a9a-485e-8abf-8d87914439e1", "method": "GET", "url": "/api/v1/users?limit=1&offset=-2", "status code": 400, "latency": "187.992µs"}
2026-06-11T11:53:17.600056	WARN	server/server.go:69	shutdown HTTP server...
2026-06-11T11:53:17.600619	WARN	server/server.go:78	HTTP server stopped
